<WeatherForecastBrick.InfoView; frame = (0 0; 0 0); hidden = YES; layer = <CALayer>>
   | <UIView; frame = (0 0; 0 0); layer = <CALayer>>
   | <UILabel; frame = (-17 24; 34 18); text = 'INFO'; userInteractionEnabled = NO; layer = <_UILabelLayer>>
   | <UILabel; frame = (30 64; 0 18); text = 'Brick is wet - raining'; userInteractionEnabled = NO; layer = <_UILabelLayer>>
   | <UILabel; frame = (30 102; 0 18); text = 'Brick is dry - sunny'; userInteractionEnabled = NO; layer = <_UILabelLayer>>
   | <UILabel; frame = (30 140; 0 18); text = 'Brick is hard to see - fo...'; userInteractionEnabled = NO; layer = <_UILabelLayer>>
   | <UILabel; frame = (30 178; 0 18); text = 'Brick with cracks - very ...'; userInteractionEnabled = NO; layer = <_UILabelLayer>>
   | <UILabel; frame = (30 216; 0 18); text = 'Brick with snow - snow'; userInteractionEnabled = NO; layer = <_UILabelLayer>>
   | <UILabel; frame = (30 254; 0 18); text = 'Brick is swinging - windy'; userInteractionEnabled = NO; layer = <_UILabelLayer>>
   | <UILabel; frame = (30 292; 0 18); text = 'Brick is gone - No Intern...'; userInteractionEnabled = NO; layer = <_UILabelLayer>>
   | <WeatherForecastBrick.CardButton; baseClass = UIButton; frame = (-57.6667 -55; 115.333 31); clipsToBounds = YES; opaque = NO; layer = <CALayer>>
   |    | <UIButtonLabel; frame = (42.3333 6.66667; 31 18); text = 'Hide'; opaque = NO; userInteractionEnabled = NO; layer = <_UILabelLayer>>