<WeatherForecastBrick.SearchView; frame = (0 0; 0 0); hidden = YES; layer = <CALayer>>
   | <UIView; frame = (0 -120; 0 100); layer = <CALayer>>
   | <UIVisualEffectView; frame = (0 0; 0 0); clipsToBounds = YES; layer = <CALayer>> effect=<UIBlurEffect> style=UIBlurEffectStyleSystemMaterialDark
   |    | <_UIVisualEffectBackdropView; frame = (0 0; 0 0); autoresize = W+H; userInteractionEnabled = NO; layer = <UICABackdropLayer>>
   | <WeatherForecastBrick.CardButton; baseClass = UIButton; frame = (-50 -45; 100 20); clipsToBounds = YES; opaque = NO; layer = <CALayer>>
   |    | <UIButtonLabel; frame = (34.6667 1; 31 18); text = 'Hide'; opaque = NO; userInteractionEnabled = NO; layer = <_UILabelLayer>>
   | <WeatherForecastBrick.CustomTextField; baseClass = UITextField; frame = (20 45; 0 34); opaque = NO; gestureRecognizers = <NSArray>; placeholder = Type city name...; borderStyle = RoundedRect; background = <_UITextFieldSystemBackgroundProvider: backgroundView=<_UITextFieldRoundedRectBackgroundViewNeue; frame = (0 0; 0 34); opaque = NO; autoresize = W+H; userInteractionEnabled = NO; layer = <CALayer>>, fillColor=UIExtendedGrayColorSpace 0 0, textfield=<WeatherForecastBrick.CustomTextField>>; layer = <CALayer>>
   |    | <_UITextFieldRoundedRectBackgroundViewNeue; frame = (0 0; 0 34); opaque = NO; autoresize = W+H; userInteractionEnabled = NO; layer = <CALayer>>
   |    | <UITextFieldLabel; frame = (0 7; 0 20.3333); text = 'Type city name...'; opaque = NO; userInteractionEnabled = NO; layer = <_UILabelLayer>>
   |    | <_UITextLayoutCanvasView; frame = (0 0; 0 34); userInteractionEnabled = NO; layer = <CALayer>>
   |    |    | <_UITextLayoutFragmentView; frame = (0 21; 0 1); opaque = NO; userInteractionEnabled = NO; layer = <CALayer>>
   |    |    | <UITextSelectionView; frame = (0 0; 0 0); userInteractionEnabled = NO; layer = <CALayer>>
   | <UILabel; frame = (20 18.6667; 32.3333 20.3333); text = 'City:'; userInteractionEnabled = NO; layer = <_UILabelLayer>>