<UIView; frame = (0 0; 390 844); autoresize = W+H; layer = <CALayer>>
   | <UIImageView; frame = (0 0; 390 844); clipsToBounds = YES; autoresize = RM+BM; userInteractionEnabled = NO; layer = <CALayer>>
   | <WeatherForecastBrick.BrickView; baseClass = UIImageView; frame = (100 0; 190 455); clipsToBounds = YES; autoresize = RM+BM; gestureRecognizers = <NSArray>; layer = <CALayer>>
   | <UIStackView; frame = (16 461; 17 132.333); opaque = NO; autoresize = RM+BM; layer = <CALayer>>
   |    | <UIStackView; frame = (0 0; 17 99.3333); opaque = NO; autoresize = RM+BM; layer = <CALayer>>
   |    |    | <UILabel; frame = (0 0; 17 99.3333); text = ' '; opaque = NO; autoresize = RM+BM; userInteractionEnabled = NO; layer = <_UILabelLayer>>
   |    | <UILabel; frame = (0 89.3333; 7.66667 43); text = ' '; opaque = NO; autoresize = RM+BM; userInteractionEnabled = NO; layer = <_UILabelLayer>>
   | <UIImageView; frame = (107.667 784; 175 60); clipsToBounds = YES; autoresize = RM+BM; gestureRecognizers = <NSArray>; layer = <CALayer>>
   | <UILabel; frame = (174.333 800; 41.3333 21.6667); text = 'INFO'; opaque = NO; autoresize = RM+BM; userInteractionEnabled = NO; layer = <_UILabelLayer>>
   | <UIStackView; frame = (142 722.667; 106.333 34.3333); opaque = NO; autoresize = RM+BM; layer = <CALayer>>
   |    | <WeatherForecastBrick.CardButton; baseClass = UIButton; frame = (0 0; 49.6667 34.3333); opaque = NO; autoresize = RM+BM; layer = <CALayer>> configuration=<UIButtonConfiguration> baseStyle=plain macStyle=automatic buttonSize=medium cornerStyle=dynamic baseForegroundColor=<UIDynamicCatalogColor; name = MainView/textColor> image=<UIImage symbol(system: paperplane.fill)> contentInsets=default imagePlacement=leading imagePadding=0 titlePadding=1 titleAlignment=automatic automaticallyUpdateForSelection background=<UIBackgroundConfiguration; Base Style = Custom; cornerRadius = 5.95; backgroundColor = UIExtendedGrayColorSpace 0 0>
   |    |    | <_UISystemBackgroundView; frame = (0 0; 49.6667 34.3333); userInteractionEnabled = NO; layer = <CALayer>; configuration = <UIBackgroundConfiguration; Base Style = Custom; cornerRadius = 6; backgroundColor = UIExtendedGrayColorSpace 0 0>>
   |    |    | <UIImageView; frame = (12 5.66667; 25.6667 24.3333); opaque = NO; userInteractionEnabled = NO; tintColor = <UIDynamicCatalogColor; name = MainView/textColor>; layer = <CALayer>>
   |    | <UILabel; frame = (51.6667 0; 3.66667 34.3333); text = ' '; opaque = NO; autoresize = RM+BM; userInteractionEnabled = NO; layer = <_UILabelLayer>>
   |    | <WeatherForecastBrick.CardButton; baseClass = UIButton; frame = (57.3333 0; 49 34.3333); opaque = NO; autoresize = RM+BM; layer = <CALayer>> configuration=<UIButtonConfiguration> baseStyle=plain macStyle=automatic buttonSize=medium cornerStyle=dynamic baseForegroundColor=<UIDynamicCatalogColor; name = MainView/textColor> image=<UIImage symbol(system: magnifyingglass)> contentInsets=default imagePlacement=leading imagePadding=0 titlePadding=1 titleAlignment=automatic automaticallyUpdateForSelection background=<UIBackgroundConfiguration; Base Style = Custom; cornerRadius = 5.95; backgroundColor = UIExtendedGrayColorSpace 0 0>
   |    |    | <_UISystemBackgroundView; frame = (0 0; 49 34.3333); userInteractionEnabled = NO; layer = <CALayer>; configuration = <UIBackgroundConfiguration; Base Style = Custom; cornerRadius = 6; backgroundColor = UIExtendedGrayColorSpace 0 0>>
   |    |    | <UIImageView; frame = (12 6; 25 23); opaque = NO; userInteractionEnabled = NO; tintColor = <UIDynamicCatalogColor; name = MainView/textColor>; layer = <CALayer>>
   | <WeatherForecastBrick.LoadingView; frame = (0 0; 390 844); layer = <CALayer>>
   |    | <UIVisualEffectView; frame = (0 0; 390 844); layer = <CALayer>> effect=<UIBlurEffect> style=UIBlurEffectStyleSystemUltraThinMaterialDark
   |    |    | <_UIVisualEffectBackdropView; frame = (0 0; 390 844); autoresize = W+H; userInteractionEnabled = NO; layer = <UICABackdropLayer>>
   |    | <NVActivityIndicatorView.NVActivityIndicatorView; frame = (165 392; 60 60); layer = <CALayer>>
   |    |    | <CAShapeLayer> (layer)
   |    |    | <CAShapeLayer> (layer)
   |    |    | <CAShapeLayer> (layer)
   | <WeatherForecastBrick.InfoView; frame = (56.6667 236; 277 372); hidden = YES; layer = <CALayer>>
   |    | <UIView; frame = (0 0; 269 372); layer = <CALayer>>
   |    | <UILabel; frame = (121.667 24; 33.6667 18); text = 'INFO'; userInteractionEnabled = NO; layer = <_UILabelLayer>>
   |    | <UILabel; frame = (30 64; 237 18); text = 'Brick is wet - raining'; userInteractionEnabled = NO; layer = <_UILabelLayer>>
   |    | <UILabel; frame = (30 102; 237 18); text = 'Brick is dry - sunny'; userInteractionEnabled = NO; layer = <_UILabelLayer>>
   |    | <UILabel; frame = (30 140; 237 18); text = 'Brick is hard to see - fo...'; userInteractionEnabled = NO; layer = <_UILabelLayer>>
   |    | <UILabel; frame = (30 178; 237 18); text = 'Brick with cracks - very ...'; userInteractionEnabled = NO; layer = <_UILabelLayer>>
   |    | <UILabel; frame = (30 216; 237 18); text = 'Brick with snow - snow'; userInteractionEnabled = NO; layer = <_UILabelLayer>>
   |    | <UILabel; frame = (30 254; 237 18); text = 'Brick is swinging - windy'; userInteractionEnabled = NO; layer = <_UILabelLayer>>
   |    | <UILabel; frame = (30 292; 237 18); text = 'Brick is gone - No Intern...'; userInteractionEnabled = NO; layer = <_UILabelLayer>>
   |    | <WeatherForecastBrick.CardButton; baseClass = UIButton; frame = (81 317; 115 31); clipsToBounds = YES; opaque = NO; layer = <CALayer>>
   |    |    | <UIButtonLabel; frame = (42 6.66667; 31 18); text = 'Hide'; opaque = NO; userInteractionEnabled = NO; layer = <_UILabelLayer>>
   | <WeatherForecastBrick.SearchView; frame = (20 844; 350 150); hidden = YES; layer = <CALayer>>
   |    | <UIView; frame = (0 30; 350 100); layer = <CALayer>>
   |    | <UIVisualEffectView; frame = (0 0; 350 100); clipsToBounds = YES; layer = <CALayer>> effect=<UIBlurEffect> style=UIBlurEffectStyleSystemMaterialDark
   |    |    | <_UIVisualEffectBackdropView; frame = (0 0; 350 100); autoresize = W+H; userInteractionEnabled = NO; layer = <UICABackdropLayer>>
   |    | <WeatherForecastBrick.CardButton; baseClass = UIButton; frame = (125 105; 100 20); clipsToBounds = YES; opaque = NO; layer = <CALayer>>
   |    |    | <UIButtonLabel; frame = (34.6667 1; 31 18); text = 'Hide'; opaque = NO; userInteractionEnabled = NO; layer = <_UILabelLayer>>
   |    | <WeatherForecastBrick.CustomTextField; baseClass = UITextField; frame = (20 45; 310 34); opaque = NO; gestureRecognizers = <NSArray>; placeholder = Type city name...; borderStyle = RoundedRect; background = <_UITextFieldSystemBackgroundProvider: backgroundView=<_UITextFieldRoundedRectBackgroundViewNeue; frame = (0 0; 310 34); opaque = NO; autoresize = W+H; userInteractionEnabled = NO; layer = <CALayer>>, fillColor=UIExtendedGrayColorSpace 0 0, textfield=<WeatherForecastBrick.CustomTextField>>; layer = <CALayer>>
   |    |    | <_UITextFieldRoundedRectBackgroundViewNeue; frame = (0 0; 310 34); opaque = NO; autoresize = W+H; userInteractionEnabled = NO; layer = <CALayer>>
   |    |    | <UITextFieldLabel; frame = (7 7; 296 20.3333); text = 'Type city name...'; opaque = NO; userInteractionEnabled = NO; layer = <_UILabelLayer>>
   |    |    | <_UITextLayoutCanvasView; frame = (7 2; 296 30); userInteractionEnabled = NO; layer = <CALayer>>
   |    |    |    | <_UITextLayoutFragmentView; frame = (0 21; 0 1); opaque = NO; userInteractionEnabled = NO; layer = <CALayer>>
   |    |    |    | <UITextSelectionView; frame = (0 0; 0 0); userInteractionEnabled = NO; layer = <CALayer>>
   |    | <UILabel; frame = (20 18.6667; 32.3333 20.3333); text = 'City:'; userInteractionEnabled = NO; layer = <_UILabelLayer>>